The target system is: Android - 1 - aarch64
The host system is: Linux - 7.2.0-1-cachyos - x86_64
Compiling the C compiler identification source file "CMakeCCompilerId.c" succeeded.
Compiler: /home/kalenj/Android/Sdk/ndk/27.0.12077973/toolchains/llvm/prebuilt/linux-x86_64/bin/clang 
Build flags: -g;-DANDROID;-fdata-sections;-ffunction-sections;-funwind-tables;-fstack-protector-strong;-no-canonical-prefixes;-D_FORTIFY_SOURCE=2;-Wformat;-Werror=format-security;
Id flags: -c;--target=aarch64-none-linux-android26 

The output was:
0


Compilation of the C compiler identification source "CMakeCCompilerId.c" produced "CMakeCCompilerId.o"

The C compiler identification is Clang, found in "/home/kalenj/Work/chrono-trigger/app/.cxx/Debug/f1t416n5/arm64-v8a/CMakeFiles/3.22.1-g37088a8/CompilerIdC/CMakeCCompilerId.o"

Detecting C compiler ABI info compiled with the following output:
Change Dir: /home/kalenj/Work/chrono-trigger/app/.cxx/Debug/f1t416n5/arm64-v8a/CMakeFiles/CMakeTmp

Run Build Command(s):/home/kalenj/Android/Sdk/cmake/3.22.1/bin/ninja cmTC_8fd9f && [1/2] Building C object CMakeFiles/cmTC_8fd9f.dir/CMakeCCompilerABI.c.o
Android (12027248, +pgo, +bolt, +lto, +mlgo, based on r522817) clang version 18.0.1 (https://android.googlesource.com/toolchain/llvm-project d8003a456d14a3deb8054cdaa529ffbf02d9b262)
Target: aarch64-none-linux-android26
Thread model: posix
InstalledDir: /home/kalenj/Android/Sdk/ndk/27.0.12077973/toolchains/llvm/prebuilt/linux-x86_64/bin
Found HIP installation: /opt/rocm, version 3.5.0
 (in-process)
 "/home/kalenj/Android/Sdk/ndk/27.0.12077973/toolchains/llvm/prebuilt/linux-x86_64/bin/clang" -cc1 -triple aarch64-none-linux-android26 -emit-obj -mrelax-all -disable-free -clear-ast-before-backend -disable-llvm-verifier -discard-value-names -main-file-name CMakeCCompilerABI.c -mrelocation-model pic -pic-level 2 -pic-is-pie -mframe-pointer=non-leaf -ffp-contract=on -fno-rounding-math -mconstructor-aliases -funwind-tables=2 -target-cpu generic -target-feature +neon -target-feature +v8a -target-feature +fix-cortex-a53-835769 -target-abi aapcs -debug-info-kind=constructor -dwarf-version=4 -debugger-tuning=gdb -fdebug-compilation-dir=/home/kalenj/Work/chrono-trigger/app/.cxx/Debug/f1t416n5/arm64-v8a/CMakeFiles/CMakeTmp -v -ffunction-sections -fdata-sections -fcoverage-compilation-dir=/home/kalenj/Work/chrono-trigger/app/.cxx/Debug/f1t416n5/arm64-v8a/CMakeFiles/CMakeTmp -resource-dir /home/kalenj/Android/Sdk/ndk/27.0.12077973/toolchains/llvm/prebuilt/linux-x86_64/lib/clang/18 -dependency-file CMakeFiles/cmTC_8fd9f.dir/CMakeCCompilerABI.c.o.d -MT CMakeFiles/cmTC_8fd9f.dir/CMakeCCompilerABI.c.o -sys-header-deps -D ANDROID -D _FORTIFY_SOURCE=2 -isysroot /home/kalenj/Android/Sdk/ndk/27.0.12077973/toolchains/llvm/prebuilt/linux-x86_64/sysroot -internal-isystem /home/kalenj/Android/Sdk/ndk/27.0.12077973/toolchains/llvm/prebuilt/linux-x86_64/lib/clang/18/include -internal-isystem /home/kalenj/Android/Sdk/ndk/27.0.12077973/toolchains/llvm/prebuilt/linux-x86_64/sysroot/usr/local/include -internal-externc-isystem /home/kalenj/Android/Sdk/ndk/27.0.12077973/toolchains/llvm/prebuilt/linux-x86_64/sysroot/usr/include/aarch64-linux-android -internal-externc-isystem /home/kalenj/Android/Sdk/ndk/27.0.12077973/toolchains/llvm/prebuilt/linux-x86_64/sysroot/include -internal-externc-isystem /home/kalenj/Android/Sdk/ndk/27.0.12077973/toolchains/llvm/prebuilt/linux-x86_64/sysroot/usr/include -Wformat -ferror-limit 19 -femulated-tls -stack-protector 2 -fno-signed-char -fgnuc-version=4.2.1 -target-feature +outline-atomics -D__GCC_HAVE_DWARF2_CFI_ASM=1 -o CMakeFiles/cmTC_8fd9f.dir/CMakeCCompilerABI.c.o -x c /home/kalenj/Android/Sdk/cmake/3.22.1/share/cmake-3.22/Modules/CMakeCCompilerABI.c
clang -cc1 version 18.0.1 based upon LLVM 18.0.1 default target x86_64-unknown-linux-gnu
ignoring nonexistent directory "/home/kalenj/Android/Sdk/ndk/27.0.12077973/toolchains/llvm/prebuilt/linux-x86_64/sysroot/usr/local/include"
ignoring nonexistent directory "/home/kalenj/Android/Sdk/ndk/27.0.12077973/toolchains/llvm/prebuilt/linux-x86_64/sysroot/include"
#include "..." search starts here:
#include <...> search starts here:
 /home/kalenj/Android/Sdk/ndk/27.0.12077973/toolchains/llvm/prebuilt/linux-x86_64/lib/clang/18/include
 /home/kalenj/Android/Sdk/ndk/27.0.12077973/toolchains/llvm/prebuilt/linux-x86_64/sysroot/usr/include/aarch64-linux-android
 /home/kalenj/Android/Sdk/ndk/27.0.12077973/toolchains/llvm/prebuilt/linux-x86_64/sysroot/usr/include
End of search list.
[2/2] Linking C executable cmTC_8fd9f
Android (12027248, +pgo, +bolt, +lto, +mlgo, based on r522817) clang version 18.0.1 (https://android.googlesource.com/toolchain/llvm-project d8003a456d14a3deb8054cdaa529ffbf02d9b262)
Target: aarch64-none-linux-android26
Thread model: posix
InstalledDir: /home/kalenj/Android/Sdk/ndk/27.0.12077973/toolchains/llvm/prebuilt/linux-x86_64/bin
Found HIP installation: /opt/rocm, version 3.5.0
 "/home/kalenj/Android/Sdk/ndk/27.0.12077973/toolchains/llvm/prebuilt/linux-x86_64/bin/ld.lld" --sysroot=/home/kalenj/Android/Sdk/ndk/27.0.12077973/toolchains/llvm/prebuilt/linux-x86_64/sysroot -EL --fix-cortex-a53-843419 -z now -z relro -z max-page-size=4096 --hash-style=gnu --eh-frame-hdr -m aarch64linux -pie -dynamic-linker /system/bin/linker64 -o cmTC_8fd9f /home/kalenj/Android/Sdk/ndk/27.0.12077973/toolchains/llvm/prebuilt/linux-x86_64/sysroot/usr/lib/aarch64-linux-android/26/crtbegin_dynamic.o -L/home/kalenj/Android/Sdk/ndk/27.0.12077973/toolchains/llvm/prebuilt/linux-x86_64/lib/clang/18/lib/linux/aarch64 -L/home/kalenj/Android/Sdk/ndk/27.0.12077973/toolchains/llvm/prebuilt/linux-x86_64/sysroot/usr/lib/aarch64-linux-android/26 -L/home/kalenj/Android/Sdk/ndk/27.0.12077973/toolchains/llvm/prebuilt/linux-x86_64/sysroot/usr/lib/aarch64-linux-android -L/home/kalenj/Android/Sdk/ndk/27.0.12077973/toolchains/llvm/prebuilt/linux-x86_64/sysroot/usr/lib --build-id=sha1 --no-rosegment --no-undefined-version --fatal-warnings --no-undefined CMakeFiles/cmTC_8fd9f.dir/CMakeCCompilerABI.c.o /home/kalenj/Android/Sdk/ndk/27.0.12077973/toolchains/llvm/prebuilt/linux-x86_64/lib/clang/18/lib/linux/libclang_rt.builtins-aarch64-android.a -l:libunwind.a -ldl -lc /home/kalenj/Android/Sdk/ndk/27.0.12077973/toolchains/llvm/prebuilt/linux-x86_64/lib/clang/18/lib/linux/libclang_rt.builtins-aarch64-android.a -l:libunwind.a -ldl /home/kalenj/Android/Sdk/ndk/27.0.12077973/toolchains/llvm/prebuilt/linux-x86_64/sysroot/usr/lib/aarch64-linux-android/26/crtend_android.o



Parsed C implicit include dir info from above output: rv=done
  found start of include info
  found start of implicit include info
    add: [/home/kalenj/Android/Sdk/ndk/27.0.12077973/toolchains/llvm/prebuilt/linux-x86_64/lib/clang/18/include]
    add: [/home/kalenj/Android/Sdk/ndk/27.0.12077973/toolchains/llvm/prebuilt/linux-x86_64/sysroot/usr/include/aarch64-linux-android]
    add: [/home/kalenj/Android/Sdk/ndk/27.0.12077973/toolchains/llvm/prebuilt/linux-x86_64/sysroot/usr/include]
  end of search list found
  collapse include dir [/home/kalenj/Android/Sdk/ndk/27.0.12077973/toolchains/llvm/prebuilt/linux-x86_64/lib/clang/18/include] ==> [/home/kalenj/Android/Sdk/ndk/27.0.12077973/toolchains/llvm/prebuilt/linux-x86_64/lib/clang/18/include]
  collapse include dir [/home/kalenj/Android/Sdk/ndk/27.0.12077973/toolchains/llvm/prebuilt/linux-x86_64/sysroot/usr/include/aarch64-linux-android] ==> [/home/kalenj/Android/Sdk/ndk/27.0.12077973/toolchains/llvm/prebuilt/linux-x86_64/sysroot/usr/include/aarch64-linux-android]
  collapse include dir [/home/kalenj/Android/Sdk/ndk/27.0.12077973/toolchains/llvm/prebuilt/linux-x86_64/sysroot/usr/include] ==> [/home/kalenj/Android/Sdk/ndk/27.0.12077973/toolchains/llvm/prebuilt/linux-x86_64/sysroot/usr/include]
  implicit include dirs: [/home/kalenj/Android/Sdk/ndk/27.0.12077973/toolchains/llvm/prebuilt/linux-x86_64/lib/clang/18/include;/home/kalenj/Android/Sdk/ndk/27.0.12077973/toolchains/llvm/prebuilt/linux-x86_64/sysroot/usr/include/aarch64-linux-android;/home/kalenj/Android/Sdk/ndk/27.0.12077973/toolchains/llvm/prebuilt/linux-x86_64/sysroot/usr/include]


Parsed C implicit link information from above output:
  link line regex: [^( *|.*[/\])(ld\.lld|CMAKE_LINK_STARTFILE-NOTFOUND|([^/\]+-)?ld|collect2)[^/\]*( |$)]
  ignore line: [Change Dir: /home/kalenj/Work/chrono-trigger/app/.cxx/Debug/f1t416n5/arm64-v8a/CMakeFiles/CMakeTmp]
  ignore line: []
  ignore line: [Run Build Command(s):/home/kalenj/Android/Sdk/cmake/3.22.1/bin/ninja cmTC_8fd9f && [1/2] Building C object CMakeFiles/cmTC_8fd9f.dir/CMakeCCompilerABI.c.o]
  ignore line: [Android (12027248  +pgo  +bolt  +lto  +mlgo  based on r522817) clang version 18.0.1 (https://android.googlesource.com/toolchain/llvm-project d8003a456d14a3deb8054cdaa529ffbf02d9b262)]
  ignore line: [Target: aarch64-none-linux-android26]
  ignore line: [Thread model: posix]
  ignore line: [InstalledDir: /home/kalenj/Android/Sdk/ndk/27.0.12077973/toolchains/llvm/prebuilt/linux-x86_64/bin]
  ignore line: [Found HIP installation: /opt/rocm  version 3.5.0]
  ignore line: [ (in-process)]
  ignore line: [ "/home/kalenj/Android/Sdk/ndk/27.0.12077973/toolchains/llvm/prebuilt/linux-x86_64/bin/clang" -cc1 -triple aarch64-none-linux-android26 -emit-obj -mrelax-all -disable-free -clear-ast-before-backend -disable-llvm-verifier -discard-value-names -main-file-name CMakeCCompilerABI.c -mrelocation-model pic -pic-level 2 -pic-is-pie -mframe-pointer=non-leaf -ffp-contract=on -fno-rounding-math -mconstructor-aliases -funwind-tables=2 -target-cpu generic -target-feature +neon -target-feature +v8a -target-feature +fix-cortex-a53-835769 -target-abi aapcs -debug-info-kind=constructor -dwarf-version=4 -debugger-tuning=gdb -fdebug-compilation-dir=/home/kalenj/Work/chrono-trigger/app/.cxx/Debug/f1t416n5/arm64-v8a/CMakeFiles/CMakeTmp -v -ffunction-sections -fdata-sections -fcoverage-compilation-dir=/home/kalenj/Work/chrono-trigger/app/.cxx/Debug/f1t416n5/arm64-v8a/CMakeFiles/CMakeTmp -resource-dir /home/kalenj/Android/Sdk/ndk/27.0.12077973/toolchains/llvm/prebuilt/linux-x86_64/lib/clang/18 -dependency-file CMakeFiles/cmTC_8fd9f.dir/CMakeCCompilerABI.c.o.d -MT CMakeFiles/cmTC_8fd9f.dir/CMakeCCompilerABI.c.o -sys-header-deps -D ANDROID -D _FORTIFY_SOURCE=2 -isysroot /home/kalenj/Android/Sdk/ndk/27.0.12077973/toolchains/llvm/prebuilt/linux-x86_64/sysroot -internal-isystem /home/kalenj/Android/Sdk/ndk/27.0.12077973/toolchains/llvm/prebuilt/linux-x86_64/lib/clang/18/include -internal-isystem /home/kalenj/Android/Sdk/ndk/27.0.12077973/toolchains/llvm/prebuilt/linux-x86_64/sysroot/usr/local/include -internal-externc-isystem /home/kalenj/Android/Sdk/ndk/27.0.12077973/toolchains/llvm/prebuilt/linux-x86_64/sysroot/usr/include/aarch64-linux-android -internal-externc-isystem /home/kalenj/Android/Sdk/ndk/27.0.12077973/toolchains/llvm/prebuilt/linux-x86_64/sysroot/include -internal-externc-isystem /home/kalenj/Android/Sdk/ndk/27.0.12077973/toolchains/llvm/prebuilt/linux-x86_64/sysroot/usr/include -Wformat -ferror-limit 19 -femulated-tls -stack-protector 2 -fno-signed-char -fgnuc-version=4.2.1 -target-feature +outline-atomics -D__GCC_HAVE_DWARF2_CFI_ASM=1 -o CMakeFiles/cmTC_8fd9f.dir/CMakeCCompilerABI.c.o -x c /home/kalenj/Android/Sdk/cmake/3.22.1/share/cmake-3.22/Modules/CMakeCCompilerABI.c]
  ignore line: [clang -cc1 version 18.0.1 based upon LLVM 18.0.1 default target x86_64-unknown-linux-gnu]
  ignore line: [ignoring nonexistent directory "/home/kalenj/Android/Sdk/ndk/27.0.12077973/toolchains/llvm/prebuilt/linux-x86_64/sysroot/usr/local/include"]
  ignore line: [ignoring nonexistent directory "/home/kalenj/Android/Sdk/ndk/27.0.12077973/toolchains/llvm/prebuilt/linux-x86_64/sysroot/include"]
  ignore line: [#include "..." search starts here:]
  ignore line: [#include <...> search starts here:]
  ignore line: [ /home/kalenj/Android/Sdk/ndk/27.0.12077973/toolchains/llvm/prebuilt/linux-x86_64/lib/clang/18/include]
  ignore line: [ /home/kalenj/Android/Sdk/ndk/27.0.12077973/toolchains/llvm/prebuilt/linux-x86_64/sysroot/usr/include/aarch64-linux-android]
  ignore line: [ /home/kalenj/Android/Sdk/ndk/27.0.12077973/toolchains/llvm/prebuilt/linux-x86_64/sysroot/usr/include]
  ignore line: [End of search list.]
  ignore line: [[2/2] Linking C executable cmTC_8fd9f]
  ignore line: [Android (12027248  +pgo  +bolt  +lto  +mlgo  based on r522817) clang version 18.0.1 (https://android.googlesource.com/toolchain/llvm-project d8003a456d14a3deb8054cdaa529ffbf02d9b262)]
  ignore line: [Target: aarch64-none-linux-android26]
  ignore line: [Thread model: posix]
  ignore line: [InstalledDir: /home/kalenj/Android/Sdk/ndk/27.0.12077973/toolchains/llvm/prebuilt/linux-x86_64/bin]
  ignore line: [Found HIP installation: /opt/rocm  version 3.5.0]
  link line: [ "/home/kalenj/Android/Sdk/ndk/27.0.12077973/toolchains/llvm/prebuilt/linux-x86_64/bin/ld.lld" --sysroot=/home/kalenj/Android/Sdk/ndk/27.0.12077973/toolchains/llvm/prebuilt/linux-x86_64/sysroot -EL --fix-cortex-a53-843419 -z now -z relro -z max-page-size=4096 --hash-style=gnu --eh-frame-hdr -m aarch64linux -pie -dynamic-linker /system/bin/linker64 -o cmTC_8fd9f /home/kalenj/Android/Sdk/ndk/27.0.12077973/toolchains/llvm/prebuilt/linux-x86_64/sysroot/usr/lib/aarch64-linux-android/26/crtbegin_dynamic.o -L/home/kalenj/Android/Sdk/ndk/27.0.12077973/toolchains/llvm/prebuilt/linux-x86_64/lib/clang/18/lib/linux/aarch64 -L/home/kalenj/Android/Sdk/ndk/27.0.12077973/toolchains/llvm/prebuilt/linux-x86_64/sysroot/usr/lib/aarch64-linux-android/26 -L/home/kalenj/Android/Sdk/ndk/27.0.12077973/toolchains/llvm/prebuilt/linux-x86_64/sysroot/usr/lib/aarch64-linux-android -L/home/kalenj/Android/Sdk/ndk/27.0.12077973/toolchains/llvm/prebuilt/linux-x86_64/sysroot/usr/lib --build-id=sha1 --no-rosegment --no-undefined-version --fatal-warnings --no-undefined CMakeFiles/cmTC_8fd9f.dir/CMakeCCompilerABI.c.o /home/kalenj/Android/Sdk/ndk/27.0.12077973/toolchains/llvm/prebuilt/linux-x86_64/lib/clang/18/lib/linux/libclang_rt.builtins-aarch64-android.a -l:libunwind.a -ldl -lc /home/kalenj/Android/Sdk/ndk/27.0.12077973/toolchains/llvm/prebuilt/linux-x86_64/lib/clang/18/lib/linux/libclang_rt.builtins-aarch64-android.a -l:libunwind.a -ldl /home/kalenj/Android/Sdk/ndk/27.0.12077973/toolchains/llvm/prebuilt/linux-x86_64/sysroot/usr/lib/aarch64-linux-android/26/crtend_android.o]
    arg [/home/kalenj/Android/Sdk/ndk/27.0.12077973/toolchains/llvm/prebuilt/linux-x86_64/bin/ld.lld] ==> ignore
    arg [--sysroot=/home/kalenj/Android/Sdk/ndk/27.0.12077973/toolchains/llvm/prebuilt/linux-x86_64/sysroot] ==> ignore
    arg [-EL] ==> ignore
    arg [--fix-cortex-a53-843419] ==> ignore
    arg [-znow] ==> ignore
    arg [-zrelro] ==> ignore
    arg [-zmax-page-size=4096] ==> ignore
    arg [--hash-style=gnu] ==> ignore
    arg [--eh-frame-hdr] ==> ignore
    arg [-m] ==> ignore
    arg [aarch64linux] ==> ignore
    arg [-pie] ==> ignore
    arg [-dynamic-linker] ==> ignore
    arg [/system/bin/linker64] ==> ignore
    arg [-o] ==> ignore
    arg [cmTC_8fd9f] ==> ignore
    arg [/home/kalenj/Android/Sdk/ndk/27.0.12077973/toolchains/llvm/prebuilt/linux-x86_64/sysroot/usr/lib/aarch64-linux-android/26/crtbegin_dynamic.o] ==> obj [/home/kalenj/Android/Sdk/ndk/27.0.12077973/toolchains/llvm/prebuilt/linux-x86_64/sysroot/usr/lib/aarch64-linux-android/26/crtbegin_dynamic.o]
    arg [-L/home/kalenj/Android/Sdk/ndk/27.0.12077973/toolchains/llvm/prebuilt/linux-x86_64/lib/clang/18/lib/linux/aarch64] ==> dir [/home/kalenj/Android/Sdk/ndk/27.0.12077973/toolchains/llvm/prebuilt/linux-x86_64/lib/clang/18/lib/linux/aarch64]
    arg [-L/home/kalenj/Android/Sdk/ndk/27.0.12077973/toolchains/llvm/prebuilt/linux-x86_64/sysroot/usr/lib/aarch64-linux-android/26] ==> dir [/home/kalenj/Android/Sdk/ndk/27.0.12077973/toolchains/llvm/prebuilt/linux-x86_64/sysroot/usr/lib/aarch64-linux-android/26]
    arg [-L/home/kalenj/Android/Sdk/ndk/27.0.12077973/toolchains/llvm/prebuilt/linux-x86_64/sysroot/usr/lib/aarch64-linux-android] ==> dir [/home/kalenj/Android/Sdk/ndk/27.0.12077973/toolchains/llvm/prebuilt/linux-x86_64/sysroot/usr/lib/aarch64-linux-android]
    arg [-L/home/kalenj/Android/Sdk/ndk/27.0.12077973/toolchains/llvm/prebuilt/linux-x86_64/sysroot/usr/lib] ==> dir [/home/kalenj/Android/Sdk/ndk/27.0.12077973/toolchains/llvm/prebuilt/linux-x86_64/sysroot/usr/lib]
    arg [--build-id=sha1] ==> ignore
    arg [--no-rosegment] ==> ignore
    arg [--no-undefined-version] ==> ignore
    arg [--fatal-warnings] ==> ignore
    arg [--no-undefined] ==> ignore
    arg [CMakeFiles/cmTC_8fd9f.dir/CMakeCCompilerABI.c.o] ==> ignore
    arg [/home/kalenj/Android/Sdk/ndk/27.0.12077973/toolchains/llvm/prebuilt/linux-x86_64/lib/clang/18/lib/linux/libclang_rt.builtins-aarch64-android.a] ==> lib [/home/kalenj/Android/Sdk/ndk/27.0.12077973/toolchains/llvm/prebuilt/linux-x86_64/lib/clang/18/lib/linux/libclang_rt.builtins-aarch64-android.a]
    arg [-l:libunwind.a] ==> lib [-l:libunwind.a]
    arg [-ldl] ==> lib [dl]
    arg [-lc] ==> lib [c]
    arg [/home/kalenj/Android/Sdk/ndk/27.0.12077973/toolchains/llvm/prebuilt/linux-x86_64/lib/clang/18/lib/linux/libclang_rt.builtins-aarch64-android.a] ==> lib [/home/kalenj/Android/Sdk/ndk/27.0.12077973/toolchains/llvm/prebuilt/linux-x86_64/lib/clang/18/lib/linux/libclang_rt.builtins-aarch64-android.a]
    arg [-l:libunwind.a] ==> lib [-l:libunwind.a]
    arg [-ldl] ==> lib [dl]
    arg [/home/kalenj/Android/Sdk/ndk/27.0.12077973/toolchains/llvm/prebuilt/linux-x86_64/sysroot/usr/lib/aarch64-linux-android/26/crtend_android.o] ==> obj [/home/kalenj/Android/Sdk/ndk/27.0.12077973/toolchains/llvm/prebuilt/linux-x86_64/sysroot/usr/lib/aarch64-linux-android/26/crtend_android.o]
  remove lib [/home/kalenj/Android/Sdk/ndk/27.0.12077973/toolchains/llvm/prebuilt/linux-x86_64/lib/clang/18/lib/linux/libclang_rt.builtins-aarch64-android.a]
  remove lib [/home/kalenj/Android/Sdk/ndk/27.0.12077973/toolchains/llvm/prebuilt/linux-x86_64/lib/clang/18/lib/linux/libclang_rt.builtins-aarch64-android.a]
  collapse library dir [/home/kalenj/Android/Sdk/ndk/27.0.12077973/toolchains/llvm/prebuilt/linux-x86_64/lib/clang/18/lib/linux/aarch64] ==> [/home/kalenj/Android/Sdk/ndk/27.0.12077973/toolchains/llvm/prebuilt/linux-x86_64/lib/clang/18/lib/linux/aarch64]
  collapse library dir [/home/kalenj/Android/Sdk/ndk/27.0.12077973/toolchains/llvm/prebuilt/linux-x86_64/sysroot/usr/lib/aarch64-linux-android/26] ==> [/home/kalenj/Android/Sdk/ndk/27.0.12077973/toolchains/llvm/prebuilt/linux-x86_64/sysroot/usr/lib/aarch64-linux-android/26]
  collapse library dir [/home/kalenj/Android/Sdk/ndk/27.0.12077973/toolchains/llvm/prebuilt/linux-x86_64/sysroot/usr/lib/aarch64-linux-android] ==> [/home/kalenj/Android/Sdk/ndk/27.0.12077973/toolchains/llvm/prebuilt/linux-x86_64/sysroot/usr/lib/aarch64-linux-android]
  collapse library dir [/home/kalenj/Android/Sdk/ndk/27.0.12077973/toolchains/llvm/prebuilt/linux-x86_64/sysroot/usr/lib] ==> [/home/kalenj/Android/Sdk/ndk/27.0.12077973/toolchains/llvm/prebuilt/linux-x86_64/sysroot/usr/lib]
  implicit libs: [-l:libunwind.a;dl;c;-l:libunwind.a;dl]
  implicit objs: [/home/kalenj/Android/Sdk/ndk/27.0.12077973/toolchains/llvm/prebuilt/linux-x86_64/sysroot/usr/lib/aarch64-linux-android/26/crtbegin_dynamic.o;/home/kalenj/Android/Sdk/ndk/27.0.12077973/toolchains/llvm/prebuilt/linux-x86_64/sysroot/usr/lib/aarch64-linux-android/26/crtend_android.o]
  implicit dirs: [/home/kalenj/Android/Sdk/ndk/27.0.12077973/toolchains/llvm/prebuilt/linux-x86_64/lib/clang/18/lib/linux/aarch64;/home/kalenj/Android/Sdk/ndk/27.0.12077973/toolchains/llvm/prebuilt/linux-x86_64/sysroot/usr/lib/aarch64-linux-android/26;/home/kalenj/Android/Sdk/ndk/27.0.12077973/toolchains/llvm/prebuilt/linux-x86_64/sysroot/usr/lib/aarch64-linux-android;/home/kalenj/Android/Sdk/ndk/27.0.12077973/toolchains/llvm/prebuilt/linux-x86_64/sysroot/usr/lib]
  implicit fwks: []


